C51 COMPILER V9.59.0.0   BSP_I2C                                                           12/02/2018 16:46:32 PAGE 1   


C51 COMPILER V9.59.0.0, COMPILATION OF MODULE BSP_I2C
OBJECT MODULE PLACED IN .\Objects\bsp_i2c.obj
COMPILER INVOKED BY: E:\MDK\C51\BIN\C51.EXE ..\bsp\bsp_i2c.c OPTIMIZE(8,SPEED) BROWSE INCDIR(..\bsp;..\lib;..\TimeOut;..
                    -\user) DEBUG OBJECTEXTEND PRINT(.\Listings\bsp_i2c.lst) OBJECT(.\Objects\bsp_i2c.obj)

line level    source

   1          #include "bsp_i2c.h"
   2          
   3          /*****************************************************************************
   4           * Function       : Bsp_IntInit
   5           * Description   : 初始化I2C中断引脚为输出模式
   6           * Input           : void  
   7           * Output                 : None
   8           * Return                 : static
   9           * Others                 : 
  10           * Record
  11           * 1.Date                 : 20180404
  12           *   Author       : marco
  13           *   Modification: Created function
  14          
  15          *****************************************************************************/
  16          static void Bsp_IntInit(void){
  17   1              P2CON |= 0X02; 
  18   1      }
  19          
  20          /*****************************************************************************
  21           * Function       : Bsp_I2cInit
  22           * Description   : 配置I2C模块
  23           * Input           : void  
  24           * Output                 : None
  25           * Return                 : 
  26           * Others                 : 
  27           * Record
  28           * 1.Date                 : 20180404
  29           *   Author       : marco
  30           *   Modification: Created function
  31          
  32          *****************************************************************************/
  33          void Bsp_I2cInit(void){
  34   1              OTCON = 0x80;
  35   1              SSCON1 = I2C_ADDR;
  36   1              SSCON0 = 0x88;
  37   1              IE1 |=0x01;
  38   1              /*<int init>*/
  39   1              Bsp_IntInit();
  40   1              I2C_IntSet(1);
  41   1      }
  42          
  43          
  44          
  45          
  46          
  47          


MODULE INFORMATION:   STATIC OVERLAYABLE
   CODE SIZE        =     22    ----
   CONSTANT SIZE    =   ----    ----
   XDATA SIZE       =   ----    ----
   PDATA SIZE       =   ----    ----
C51 COMPILER V9.59.0.0   BSP_I2C                                                           12/02/2018 16:46:32 PAGE 2   

   DATA SIZE        =   ----    ----
   IDATA SIZE       =   ----    ----
   BIT SIZE         =   ----    ----
END OF MODULE INFORMATION.


C51 COMPILATION COMPLETE.  0 WARNING(S),  0 ERROR(S)
