C51 COMPILER V9.59.0.0   SYSTEM                                                            12/03/2018 16:34:13 PAGE 1   


C51 COMPILER V9.59.0.0, COMPILATION OF MODULE SYSTEM
OBJECT MODULE PLACED IN .\Objects\system.obj
COMPILER INVOKED BY: E:\MDK\C51\BIN\C51.EXE ..\user\system.c OPTIMIZE(8,SPEED) BROWSE INCDIR(..\bsp;..\lib;..\TimeOut;..
                    -\user) DEBUG OBJECTEXTEND PRINT(.\Listings\system.lst) OBJECT(.\Objects\system.obj)

line level    source

   1          #include "system.h"
   2          
   3          #define APP_SET_BACKLIGHT(X)            ( App_Para.Tp_LedSta &= (unsigned char)(X))
   4          #define APP_CLR_BACKLIGHT(X)            ( App_Para.Tp_LedSta |= (unsigned char)(~X))
   5          
   6          
   7          unsigned char Uart0SendFlag,Uart0ReceiveFlag;
   8          
   9          unsigned char Rev_Buf;
  10          
  11          TIMEOUT_PARA TimeOut_Para[2];
  12          
  13          static xdata App_Para_t App_Para;
  14          static xdata IIC_PARA_t I2c_Para[IIC_NUM];
  15          
  16          
  17          void System_Init(void)
  18          {
  19   1         int i;
  20   1         TimeOutDet_Init();
  21   1         Led_Init(); 
  22   1         LED1_SET(1);
  23   1         for(i = 0;i < IIC_NUM;i ++){
  24   2                      I2c_Para[i].ID = i;
  25   2                      if(i == 0){
  26   3                              I2c_Para[i].read_addr = I2C_READ_ADDR;
  27   3                              I2c_Para[i].write_addr = I2C_WRITE_ADDR;
  28   3                      }
  29   2                      IIC_Init(&I2c_Para[i]);
  30   2              }
  31   1         P1PH |= 0X80;
  32   1         APP_CLR_BACKLIGHT(0xbf);
  33   1         IIC_Write_Data(&I2c_Para[0], I2c_Para[0].write_addr, App_Para.Tp_LedSta);
  34   1         Timer_Init();
  35   1         Uart_Init(); 
  36   1      }
  37          
  38          void Send_Byte(unsigned char DATA)
  39          {
  40   1          SSDAT = DATA;
  41   1          while(!(Uart0SendFlag));
  42   1          Uart0SendFlag = 0;
  43   1      }
  44          
  45          unsigned char Rev_Byte(void)
  46          {
  47   1         return SSDAT;    
  48   1      }
  49          
  50          
  51          void System_Handle(void)
  52          {
  53   1              if(!Get_I2C_INT()){
  54   2                      IIC_Read_Data(&I2c_Para[0], I2c_Para[0].read_addr, &App_Para.TP_GetKey);
C51 COMPILER V9.59.0.0   SYSTEM                                                            12/03/2018 16:34:13 PAGE 2   

  55   2              
  56   2                      switch(App_Para.TP_GetKey){
  57   3                              case 0x01:{
  58   4                                      if(App_Para.Tp_CurKey != 0x01){
  59   5                                              App_Para.Tp_CurKey = 0x01;
  60   5                                              TimeOut_Record(&App_Para.LockLong_DetTimer[1], 100);
  61   5                                              App_Para.LockDetFlag[1] = 1;
  62   5                                      }
  63   4                                      break;
  64   4                              }
  65   3      
  66   3                              case 0x02:{
  67   4                                      if(App_Para.Tp_CurKey != 0x02){
  68   5                                              App_Para.Tp_CurKey = 0x02;
  69   5      
  70   5                                      }
  71   4                                      break;
  72   4                              }
  73   3      
  74   3                              case 0x04:{
  75   4                                      if(App_Para.Tp_CurKey != 0x04){
  76   5                                              App_Para.Tp_CurKey = 0x04;
  77   5                                      }
  78   4                                      break;
  79   4                              }
  80   3      
  81   3                              case 0x08:{
  82   4                                      if(App_Para.Tp_CurKey != 0x08){
  83   5                                              App_Para.Tp_CurKey = 0x08;
  84   5                                      }
  85   4                                      break;
  86   4                              }
  87   3                              
  88   3                              case 0x10:{
  89   4                                      if(App_Para.Tp_CurKey != 0x10){
  90   5                                              App_Para.Tp_CurKey = 0x10;
  91   5                                      }
  92   4                                      break;
  93   4                              }
  94   3      
  95   3                              case 0x20:{
  96   4                                      if(App_Para.Tp_CurKey != 0x20){
  97   5                                              App_Para.Tp_CurKey = 0x20;
  98   5      
  99   5                                      }
 100   4                                      break;
 101   4                              }
 102   3                              default:{
 103   4                                      if(App_Para.Tp_CurKey){
 104   5                                              App_Para.Tp_CurKey = 0;
 105   5                                              IIC_Write_Data(&I2c_Para[0], I2c_Para[0].write_addr, App_Para.Tp_LedSta);
 106   5                                              App_Para.LockDetFlag[1] = 0;                                    
 107   5                                      }
 108   4                                      break;
 109   4                              }
 110   3                      }
 111   2              }
 112   1              
 113   1      }
 114          
 115          /**************************************************
 116          *函数名称：void timer0/1() interrupt 1/3
C51 COMPILER V9.59.0.0   SYSTEM                                                            12/03/2018 16:34:13 PAGE 3   

 117          *函数功能：定时器中断产生方波
 118          *入口参数：void
 119          *出口参数：void
 120          **************************************************/
 121          void timer0() interrupt 1
 122          {
 123   1          TL0 = (65536 - 1000)%256;    
 124   1              TH0 = (65536 - 1000)/256;
 125   1          TimeOutDet_DecHandle();
 126   1      }
 127          
 128          void timer1() interrupt 3
 129          {
 130   1          TL1 = (65536 - 24000)%256;
 131   1              TH1 = (65536 - 24000)/256;
 132   1              
 133   1      }
 134          
 135          void Timer2Int(void) interrupt 5
 136          {               
 137   1              TF2 = 0;   //溢出清零
 138   1          
 139   1      }
 140          
 141          /*****************************************************
 142          *函数名称：void UartInt(void) interrupt 4
 143          *函数功能：Uart0中断函数
 144          *入口参数：void
 145          *出口参数：void
 146          *****************************************************/
 147          void Bsp_Uart1IqrHandle() interrupt 7
 148          {
 149   1         if(SSCON0&0x02)
 150   1         {
 151   2              SSCON0&=0xFD;
 152   2              Uart0SendFlag = 1;
 153   2         }
 154   1              if((SSCON0&0x01)){
 155   2                      SSCON0&=0xFE;
 156   2              Uart0ReceiveFlag = 1;
 157   2          }
 158   1      }
 159          
 160          
 161          
 162          
 163          


MODULE INFORMATION:   STATIC OVERLAYABLE
   CODE SIZE        =    438    ----
   CONSTANT SIZE    =   ----    ----
   XDATA SIZE       =     58    ----
   PDATA SIZE       =   ----    ----
   DATA SIZE        =     19       2
   IDATA SIZE       =   ----    ----
   BIT SIZE         =   ----    ----
END OF MODULE INFORMATION.


C51 COMPILATION COMPLETE.  0 WARNING(S),  0 ERROR(S)
